// Jest Snapshot v1, https://goo.gl/fbAQLP

exports[`GifItem component Snapshot should be correct 1`] = `
<div>
  <div
    class="card"
  >
    <img
      alt="Dragon Ball"
      src="https://"
    />
    <p>
      Dragon Ball
    </p>
  </div>
</div>
`;
